---
source: crates/layout/src/lib.rs
expression: strip_ansi(&s)
---
╭─ ⚠ Test ───────────────────────────────────────╮
│ Body text.                                     │
├┄┄┄┄┄┄┄┄┄┄┄┄┄┄┄┄┄┄┄┄┄┄┄┄┄┄┄┄┄┄┄┄┄┄┄┄┄┄┄┄┄┄┄┄┄┄┄┄┤
│ ~/foo.lisp (3)                                 │
│    ls, cat, rm                                 │
╰────────────────────────────────────────────────╯
