---
source: crates/layout/src/lib.rs
expression: strip_ansi(&s)
---
╭─ ⚠ Outdated configuration format ────────────────────────╮
│ Tracing output may differ from the real file.            │
├┄┄┄┄┄┄┄┄┄┄┄┄┄┄┄┄┄┄┄┄┄┄┄┄┄┄┄┄┄┄┄┄┄┄┄┄┄┄┄┄┄┄┄┄┄┄┄┄┄┄┄┄┄┄┄┄┄┄┤
│ Update your config to the latest syntax:                 │
│                                                          │
│ $ may-i migrate                                          │
╰──────────────────────────────────────────────────────────╯
