---
source: crates/layout/src/lib.rs
expression: strip_ansi(&s)
---
╭─ ⚠ Migration needed ───────────────────────────╮
│ Config format is outdated.                     │
│                                                │
│ Run this command:                              │
│                                                │
│ $ may-i migrate                                │
╰────────────────────────────────────────────────╯
