---
source: tests/migrated_v1_trace.rs
expression: normalised
---

Trace

                                 command │ cargo install foo
                                  parser │ gnu  flags permute
  95: (rule "cargo"                      │
        (if (exact)                      │
            …                            │
          (positional (? "affected")     │ "install" = "affected" → no
                      (? (or "watch"     │ "install" = "watch" → no
                             "run" "r")) │ "install" = "run" → no
                      (? "--")           │ "install" = "--" → no
                      (cond              │
                       ((or "install"    │
                            "uninstall") │
                        (deny))          │ → :deny
                       ((or "build"      │
                            "b"          │
                            …            │
                            "clippy")    │
                        (allow)))        │
                      (deny))))          │

Result

  cargo install foo

  → :deny

  config: <config-path>
