---
source: tests/migrated_v1_trace.rs
expression: normalised
---

Trace

                                  command │ ssh prod "rm -rf /"
                                   parser │ gnu  flags posix  parameters (-D -E -F -I -J -L -O -Q -R -S -W -b -c -e -i -l -m -o -p -w)  rest #cmd
  107: (rule "ssh"                        │
         (when (positional [:ssh/host *]) │
           <arg-pattern>))                │
                         No matching rule │ → :ask (default)

Result

  ssh prod "rm -rf /"

  → :ask "Rules for `ssh` exist but context or arguments did not match any patterns"

  config: <config-path>
