---
source: tests/migrated_v1_trace.rs
expression: normalised
---

Trace

                                 command │ cargo test
                                  parser │ gnu  flags permute
  95: (rule "cargo"                      │
        (if (exact)                      │
            …                            │
          (positional (? "affected")     │ "test" = "affected" → no
                      (? (or "watch"     │ "test" = "watch" → no
                             "run" "r")) │ "test" = "run" → no
                      (? "--")           │ "test" = "--" → no
                      (cond              │
                       ((or "install"    │
                            "uninstall") │
                        (deny))          │
                       ((or "build"      │
                            "b"          │
                            …            │
                            "clippy")    │
                        (allow)))        │ → :allow
                      (allow))))         │

Result

  cargo test

  → :allow

  config: <config-path>
