---
source: tests/parser_snapshots.rs
expression: "parse(\"echo ${var}\")"
---
Simple(
    SimpleCommand {
        assignments: [],
        words: [
            Word {
                parts: [
                    Literal(
                        "echo",
                    ),
                ],
            },
            Word {
                parts: [
                    ParameterExpansion(
                        "var",
                    ),
                ],
            },
        ],
        redirections: [],
    },
)
