---
source: tests/parser_snapshots.rs
expression: "parse(\"(( (echo deep) ))\")"
---
Subshell(
    Subshell(
        Subshell(
            Simple(
                SimpleCommand {
                    assignments: [],
                    words: [
                        Word {
                            parts: [
                                Literal(
                                    "echo",
                                ),
                            ],
                        },
                        Word {
                            parts: [
                                Literal(
                                    "deep",
                                ),
                            ],
                        },
                    ],
                    redirections: [],
                },
            ),
        ),
    ),
)
