---
source: tests/parser_snapshots.rs
assertion_line: 245
expression: "parse(\"cat <<'EOF'\\nhello $var\\nEOF\")"
---
Simple(
    SimpleCommand {
        assignments: [],
        words: [
            Word {
                parts: [
                    Literal(
                        "cat",
                    ),
                ],
            },
        ],
        redirections: [
            Redirection {
                fd: None,
                kind: Heredoc,
                target: Heredoc {
                    body: "hello $var\n",
                    quoted: true,
                    substitutions: [],
                },
            },
        ],
    },
)
