---
source: crates/shell-parser/tests/parser_snapshots.rs
expression: "parse(\"echo $(echo $(whoami))\")"
---
Simple(
    SimpleCommand {
        assignments: [],
        words: [
            Word {
                parts: [
                    Literal(
                        "echo",
                    ),
                ],
            },
            Word {
                parts: [
                    CommandSubstitution {
                        source: "echo $(whoami)",
                        span: Span {
                            start: 7,
                            end: 21,
                        },
                    },
                ],
            },
        ],
        redirections: [],
    },
)
