---
source: tests/parser_snapshots.rs
expression: "parse(\"case $(uname) in Linux) echo linux;; Darwin) echo mac;; esac\")"
---
Case {
    word: Word {
        parts: [
            CommandSubstitution(
                "uname",
            ),
        ],
    },
    arms: [
        CaseArm {
            patterns: [
                Word {
                    parts: [
                        Literal(
                            "Linux",
                        ),
                    ],
                },
            ],
            body: Some(
                Simple(
                    SimpleCommand {
                        assignments: [],
                        words: [
                            Word {
                                parts: [
                                    Literal(
                                        "echo",
                                    ),
                                ],
                            },
                            Word {
                                parts: [
                                    Literal(
                                        "linux",
                                    ),
                                ],
                            },
                        ],
                        redirections: [],
                    },
                ),
            ),
            terminator: Break,
        },
        CaseArm {
            patterns: [
                Word {
                    parts: [
                        Literal(
                            "Darwin",
                        ),
                    ],
                },
            ],
            body: Some(
                Simple(
                    SimpleCommand {
                        assignments: [],
                        words: [
                            Word {
                                parts: [
                                    Literal(
                                        "echo",
                                    ),
                                ],
                            },
                            Word {
                                parts: [
                                    Literal(
                                        "mac",
                                    ),
                                ],
                            },
                        ],
                        redirections: [],
                    },
                ),
            ),
            terminator: Break,
        },
    ],
}
