---
source: tests/parser_snapshots.rs
expression: "parse(\"tee >(grep foo) >(grep bar)\")"
---
Simple(
    SimpleCommand {
        assignments: [],
        words: [
            Word {
                parts: [
                    Literal(
                        "tee",
                    ),
                ],
            },
            Word {
                parts: [
                    ProcessSubstitution {
                        direction: Output,
                        command: "grep foo",
                    },
                ],
            },
            Word {
                parts: [
                    ProcessSubstitution {
                        direction: Output,
                        command: "grep bar",
                    },
                ],
            },
        ],
        redirections: [],
    },
)
