---
source: crates/shell-parser/tests/parser_snapshots.rs
expression: "parse(\"echo \\\"today is $(date)\\\"\")"
---
Simple(
    SimpleCommand {
        assignments: [],
        words: [
            Word {
                parts: [
                    Literal(
                        "echo",
                    ),
                ],
            },
            Word {
                parts: [
                    DoubleQuoted(
                        [
                            Literal(
                                "today is ",
                            ),
                            CommandSubstitution {
                                source: "date",
                                span: Span {
                                    start: 17,
                                    end: 21,
                                },
                            },
                        ],
                    ),
                ],
            },
        ],
        redirections: [],
    },
)
