---
source: tests/parser_snapshots.rs
expression: "parse(\"FOO=\")"
---
Assignment(
    Assignment {
        name: "FOO",
        value: Scalar(
            Word {
                parts: [
                    Literal(
                        "",
                    ),
                ],
            },
        ),
    },
)
