---
source: crates/shell-parser/tests/parser_snapshots.rs
expression: "parse(\"FOO=bar\")"
---
Assignment(
    Assignment {
        name: "FOO",
        value: Scalar(
            Word {
                parts: [
                    Literal(
                        "bar",
                    ),
                ],
            },
        ),
        scope: Bare,
    },
)
