---
source: tests/parser_snapshots.rs
expression: "parse(\"for f in $(ls *.txt); do cat $f; done\")"
---
For {
    var: "f",
    words: [
        Word {
            parts: [
                CommandSubstitution(
                    "ls *.txt",
                ),
            ],
        },
    ],
    body: Simple(
        SimpleCommand {
            assignments: [],
            words: [
                Word {
                    parts: [
                        Literal(
                            "cat",
                        ),
                    ],
                },
                Word {
                    parts: [
                        Parameter(
                            "f",
                        ),
                    ],
                },
            ],
            redirections: [],
        },
    ),
}
