---
source: tests/parser_snapshots.rs
expression: "parse(\"echo `whoami`\")"
---
Simple(
    SimpleCommand {
        assignments: [],
        words: [
            Word {
                parts: [
                    Literal(
                        "echo",
                    ),
                ],
            },
            Word {
                parts: [
                    Backtick(
                        "whoami",
                    ),
                ],
            },
        ],
        redirections: [],
    },
)
