---
source: tests/migrated_v1_trace.rs
expression: normalised
---

Trace

                            command │ cat foo
                             parser │ gnu  flags permute
  90: (rule (or "cat" …)            │
        (allow "Read-only access")) │ → :allow "Read-only access"

Result

  cat foo

  → :allow "Read-only access"

  config: <config-path>
