---
source: tests/migrated_v1_trace.rs
expression: normalised
---

Trace

                              command │ mv a b
                               parser │ gnu
  83: (rule (command "mv")            │
        (args (if (or (flag "f")      │
                      (flag "force")) │
                  …                   │
                (allow))))            │ → :allow

Result

  mv a b

  → :allow

  config: <config-path>
