---
source: tests/migrated_v1_trace.rs
expression: normalised
---

Trace

  No matching rule │ → :ask (default)

                                        command │ ssh prod "rm -rf /"
                                         parser │ gnu
  107: (rule (command "ssh")                    │
         (args                                  │
          (when (positional                     │
                 [:ssh/host *])                 │
            (tail                               │ tail = "prod rm -rf /"
             (authorise)                        │
             (ask                               │ → :ask "No rule for command `prod`"
              "No rule for command `prod`"))))) │

Result

  ssh prod "rm -rf /"

  → :ask "No rule for command `prod`"

  config: <config-path>
