---
source: tests/migrated_v1_trace.rs
assertion_line: 110
expression: normalised
---

Trace

  parser: gnu │

                                              command │ curl https://example.com
  65: (rule (command "curl")                          │
        (context (and (not (flag "d"))                │
                      (not (flag "data"))             │
                      (not (flag "X"))                │
                      (not (flag                      │
                            "request"))))             │
        (effect                                       │ → :allow "GET request (no mutating flags)"
         :allow "GET request (no mutating flags)"))   │
                                                      │
  69: (rule (command "curl")                          │
        (effect                                       │ → :ask "Network operation requires approval"
         :ask "Network operation requires approval")) │

Result

  curl https://example.com

  → :ask "Network operation requires approval"

  config: <config-path>
