---
source: tests/migrated_v1_trace.rs
expression: normalised
---

Trace

                      command │ cargo --list
                       parser │ gnu
  95: (rule (command "cargo") │
        (args (if (exact)     │
                  (allow)     │ → :allow
                …)))          │

Result

  cargo --list

  → :allow

  config: <config-path>
