---
source: tests/migrated_v1_trace.rs
assertion_line: 124
expression: normalised
---

[1mTrace[0m

  [2mparser:[0m gnu [2m│[0m

                                         [2mcommand[0m [2m│[0m [1mrm -rf /[0m
  [2m24: [0m[2m([0m[34mrule[0m [2m([0m[34mcommand[0m [32m"rm"[0m[2m)[0m                       [2m│[0m
        [2m([0mcontext [2m([0mand [2m([0mor [2m([0mflag [32m"r"[0m[2m)[0m             [2m│[0m
                          [2m…[0m[2m)[0m                     [2m│[0m
                      [2m([0m[34manywhere[0m [32m"/"[0m[2m)[0m[2m)[0m[2m)[0m           [2m│[0m
        [2m([0m[34meffect[0m                                  [2m│[0m [2m[0m[2m→[0m [1;31m:deny[0m [32m"Recursive deletion from root"[0m
         [94m:deny[0m [32m"Recursive deletion from root"[0m[2m)[0m[2m)[0m  [2m│[0m
                                                 [2m│[0m
  [2m29: [0m[2m([0m[34mrule[0m [2m([0m[34mcommand[0m [32m"rm"[0m[2m)[0m                       [2m│[0m
        [2m([0m[34margs[0m                                    [2m│[0m
         [2m([0m[34mwhen[0m [2m([0mand                              [2m│[0m
                [2m([0mbuild-mode                      [2m│[0m [2mbuild-mode [0m[2m→[0m [33mno[0m
                 [2m([0mor                             [2m│[0m
                  [2m([0mhas                           [2m│[0m [33mno[0m
                   [2m[[0m[94m:claude-code/permission-mode[0m [2m│[0m
                    [32m"acceptEdits"[0m[2m][0m[2m)[0m              [2m│[0m
                  [2m([0mhas [2m[[0m[94m:opencode/agent[0m          [2m│[0m [33mno[0m
                        [32m"build"[0m[2m][0m[2m)[0m[2m)[0m[2m)[0m              [2m│[0m
                [2m…[0m[2m)[0m                               [2m│[0m
           [2m<if-effect>[0m[2m)[0m[2m)[0m[2m)[0m                        [2m│[0m
                                                 [2m│[0m
  [2m37: [0m[2m([0m[34mrule[0m [2m([0m[34mcommand[0m [32m"rm"[0m[2m)[0m                       [2m│[0m
        [2m([0mcontext                                 [2m│[0m
         [2m([0mbuild-mode                             [2m│[0m [2mbuild-mode [0m[2m→[0m [33mno[0m
          [2m([0mor                                    [2m│[0m
           [2m([0mhas                                  [2m│[0m [33mno[0m
            [2m[[0m[94m:claude-code/permission-mode[0m        [2m│[0m
             [32m"acceptEdits"[0m[2m][0m[2m)[0m                     [2m│[0m
           [2m([0mhas                                  [2m│[0m [33mno[0m
            [2m[[0m[94m:opencode/agent[0m [32m"build"[0m[2m][0m[2m)[0m[2m)[0m[2m)[0m[2m)[0m        [2m│[0m
        [2m([0m[2mallow[0m                                   [2m│[0m [2m[0m[2m→[0m [1;32m:allow[0m [32m"Non-recursive delete is allowed"[0m
         [2m"Non-recursive delete is allowed"[0m[2m)[0m[2m)[0m     [2m│[0m

[1mResult[0m

  [4;31mrm -rf /[0m

  [2m→[0m [1;31m:deny[0m [32m"Recursive deletion from root"[0m

  config: <config-path>
