---
source: tests/oracle_trace_v1.rs
expression: normalised
---

Trace

                                                                  command │ mv -f a b
  83: (rule (command "mv")                                                │
        (args                                                             │
         (if (anywhere "-f" "--force") (effect                            │ → :ask "Force move is destructive"
                                        :ask "Force move is destructive") │
           …)))                                                           │

Result

  mv -f a b

  → :ask "Force move is destructive"

  config: <config-path>
