---
source: tests/oracle_trace_v1.rs
expression: normalised
---

Trace

                                                               command │ git status
  43: (rule (command "git")                                            │
        (context (and                                                  │
                  (positional "reset")                                 │ "status" = "reset" → no
                  …))                                                  │
        (effect                                                        │ → :ask "Dangerous git reset"
         :ask "Dangerous git reset"))                                  │
                                                                       │
  47: (rule (command "git")                                            │
        (context (or                                                   │
                  (positional "remote")                                │ "status" = "remote" → no
                  (positional                                          │
                   (or "clean" "gc"                                    │ "status" = "clean" → no
                       "push"))))                                      │ "status" = "push" → no
        (effect                                                        │ → :ask "Dangerous git operation"
         :ask "Dangerous git operation"))                              │
                                                                       │
  52: (rule (command "git")                                            │
        (context                                                       │
         (and (or                                                      │
               (positional (or "switch"                                │ "status" = "switch" → no
                               "restore"                               │ "status" = "restore" → no
                               …                                       │
                               "clone"))                               │ "status" = "clone" → no
               (positional "checkout"                                  │ "status" = "checkout" → no
                           "--")                                       │ "status" = "--" → no
               (positional "worktree"))                                │ "status" = "worktree" → no
              …))                                                      │
        (effect                                                        │ → :ask "git mutation requires approval in non-writing agents"
         :ask "git mutation requires approval in non-writing agents")) │
                                                                       │
  60: (rule (command "git")                                            │
        (effect :allow))                                               │ → :allow

Result

  git status

  → :allow

  config: <config-path>
