---
source: tests/oracle_trace_v1.rs
expression: normalised
---

Trace

  parser: gnu │

                                  command │ git push --force
  43: (rule (command "git")               │
        (context (and                     │
                  (positional "reset")    │ "push" = "reset" → no
                  …))                     │
        (ask "Dangerous git reset"))      │ → :ask "Dangerous git reset"
                                          │
  47: (rule (command "git")               │
        (context (or                      │
                  (positional "remote")   │ "push" = "remote" → no
                  (positional             │
                   (or "clean" "gc"       │ "push" = "clean" → no
                       "push"))))         │ "push" = "push" → yes
        (effect                           │ → :ask "Dangerous git operation"
         :ask "Dangerous git operation")) │

Result

  git push --force

  → :ask "Dangerous git operation"

  config: <config-path>
