---
source: tests/oracle_trace_v1.rs
assertion_line: 110
expression: normalised
---

Trace

  convention: :gnu │

                                            command │ rm foo
  24: (rule (command "rm")                          │
        (context (and (or (flag "r")                │
                          (flag                     │
                           "recursive"))            │
                      …))                           │
        (effect                                     │ → :deny "Recursive deletion from root"
         :deny "Recursive deletion from root"))     │
                                                    │
  29: (rule (command "rm")                          │
        (args                                       │
         (when (and                                 │
                (build-mode                         │ build-mode → no
                 (or                                │
                  (has                              │ no
                   [:claude-code/permission-mode    │
                    "acceptEdits"])                 │
                  (has [:opencode/agent             │ no
                        "build"])))                 │
                …)                                  │
           <if-effect>)))                           │
                                                    │
  37: (rule (command "rm")                          │
        (context                                    │
         (build-mode                                │ build-mode → no
          (or                                       │
           (has                                     │ no
            [:claude-code/permission-mode           │
             "acceptEdits"])                        │
           (has                                     │ no
            [:opencode/agent "build"]))))           │
        (effect                                     │ → :allow "Non-recursive delete is allowed"
         :allow "Non-recursive delete is allowed")) │
                                   No matching rule │ → :ask (default)

Result

  rm foo

  → :ask "Rules for `rm` exist but context or arguments did not match any patterns"

  config: <config-path>
