---
source: tests/oracle_trace_v1.rs
expression: normalised
---

Trace

       parser: gnu │
       parser: gnu │
  No matching rule │ → :ask (default)

                                          command │ timeout 30 echo hello
  110: (rule (command "timeout")                  │
         (args                                    │
          (and                                    │
           (positional                            │
            (regex "^[0-9]+$"))                   │ "30" ~ (regex "^[0-9]+$") → yes
           (<unknown-arg-pattern>                 │ (authorise) ∈ {"30", "echo", "hello"} → yes
            (effect                               │ → :ask "No rule for command `30`"
             :ask "No rule for command `30`"))))) │

Result

  timeout 30 echo hello

  → :ask "No rule for command `30`"

  config: <config-path>
