---
source: tests/oracle_trace_v1.rs
assertion_line: 108
expression: normalised
---

Trace

                                                   command │ curl https://example.com
  65: (rule                                                │
        (command "curl")                                   │
        (args                                              │
          (and                                             │
            (not (anywhere "-d"                            │ "-d" ∈ {"https://example.com"} → no
                           "--data"                        │ "--data" ∈ {"https://example.com"} → no
                           "-X"                            │ "-X" ∈ {"https://example.com"} → no
                           "--request"))                   │ "--request" ∈ {"https://example.com"} → no
            (effect                                        │ → :allow "GET request (no mutating flags)"
              :allow "GET request (no mutating flags)")))) │

Result

  curl https://example.com

  → :allow "GET request (no mutating flags)"

  config: <config-path>
