---
source: tests/oracle_trace_v1.rs
expression: normalised
---

[1mTrace[0m

                                  [2mcommand[0m [2m│[0m [1mmv a b[0m
  [2m83: [0m[2m([0m[34mrule[0m [2m([0m[34mcommand[0m [32m"mv"[0m[2m)[0m                [2m│[0m
            [2m([0m[34margs[0m [2m([0m[34mcond[0m                   [2m│[0m
                    [2m([0m[2m([0m[34manywhere[0m [32m"-f"[0m       [2m│[0m
                               [32m"--force"[0m[2m)[0m [2m│[0m
                     [2m…[0m[2m)[0m                   [2m│[0m
                    [2m([0m[34meffect[0m               [2m│[0m [2m[0m[2m→[0m [1;32m:allow[0m
                     [38;2;120;120;255m:allow[0m[2m)[0m[2m)[0m[2m)[0m[2m)[0m           [2m│[0m

[1mResult[0m

  [4;32mmv a b[0m

  [2m→[0m [1;32m:allow[0m

  config: <config-path>
