---
source: tests/oracle_trace_v1.rs
assertion_line: 126
expression: normalised
---

[1mTrace[0m

                                                [2mcommand[0m [2m│[0m [1mbrew install foo[0m
  [2m74: [0m[2m([0m[34mrule[0m [2m([0m[34mcommand[0m [32m"brew"[0m[2m)[0m                            [2m│[0m
        [2m([0m[34margs[0m                                           [2m│[0m
         [2m([0m[34mcond[0m                                          [2m│[0m
           [2m([0m[2m([0m[34mpositional[0m [32m"install"[0m[2m)[0m                      [2m│[0m [2m"install" = "install" [0m[2m→[0m [1;32myes[0m
            [2m([0m[34meffect[0m                                     [2m│[0m [2m[0m[2m→[0m [1;31m:deny[0m [32m"Package installation not allowed"[0m
             [94m:deny[0m [32m"Package installation not allowed"[0m[2m)[0m[2m)[0m [2m│[0m
           [2m…[0m[2m)[0m[2m)[0m[2m)[0m                                         [2m│[0m

[1mResult[0m

  [4;31mbrew install foo[0m

  [2m→[0m [1;31m:deny[0m [32m"Package installation not allowed"[0m

  config: <config-path>
