---
source: tests/oracle_trace_v1.rs
expression: normalised
---

Trace

                                command │ brew list
  74: (rule (command "brew")            │
        (args (cond                     │
                ((positional "install") │ "list" = "install" → no
                 …)                     │
                ((positional            │
                  (or "list" "search")) │ "list" = "list" → yes
                 (effect :allow)))))    │ → :allow

Result

  brew list

  → :allow

  config: <config-path>
