---
source: tests/oracle_trace_v1.rs
expression: normalised
---

[1mTrace[0m

  [2mconvention:[0m :gnu [2m│[0m

                                  [2mcommand[0m [2m│[0m [1mgit push --force[0m
  [2m43: [0m[2m([0m[34mrule[0m [2m([0m[34mcommand[0m [32m"git"[0m[2m)[0m               [2m│[0m
        [2m([0mcontext [2m([0mand                     [2m│[0m
                  [2m([0m[34mpositional[0m [32m"reset"[0m[2m)[0m    [2m│[0m [2m"push" = "reset" [0m[2m→[0m [33mno[0m
                  [2m…[0m[2m)[0m[2m)[0m                     [2m│[0m
        [2m([0m[2meffect[0m                           [2m│[0m [2m[0m[2m→[0m [1;33m:ask[0m [32m"Dangerous git reset"[0m
         [2m:ask[0m [2m"Dangerous git reset"[0m[2m)[0m[2m)[0m     [2m│[0m
                                          [2m│[0m
  [2m47: [0m[2m([0m[34mrule[0m [2m([0m[34mcommand[0m [32m"git"[0m[2m)[0m               [2m│[0m
        [2m([0mcontext [2m([0mor                      [2m│[0m
                  [2m([0m[34mpositional[0m [32m"remote"[0m[2m)[0m   [2m│[0m [2m"push" = "remote" [0m[2m→[0m [33mno[0m
                  [2m([0m[34mpositional[0m             [2m│[0m
                   [2m([0mor [32m"clean"[0m [32m"gc"[0m       [2m│[0m [2m"push" = "clean" [0m[2m→[0m [33mno[0m
                       [32m"push"[0m[2m)[0m[2m)[0m[2m)[0m[2m)[0m         [2m│[0m [2m"push" = "push" [0m[2m→[0m [1;32myes[0m
        [2m([0m[34meffect[0m                           [2m│[0m [2m[0m[2m→[0m [1;33m:ask[0m [32m"Dangerous git operation"[0m
         [94m:ask[0m [32m"Dangerous git operation"[0m[2m)[0m[2m)[0m [2m│[0m

[1mResult[0m

  [4;33mgit push --force[0m

  [2m→[0m [1;33m:ask[0m [32m"Dangerous git operation"[0m

  config: <config-path>
