---
source: tests/oracle_trace_v1.rs
expression: normalised
---

Trace

  convention: :gnu │

                                              command │ curl -d data https://example.com
  65: (rule (command "curl")                          │
        (context (and (not (flag "d"))                │
                      …                               │
                      …                               │
                      …))                             │
        (effect                                       │ → :allow "GET request (no mutating flags)"
         :allow "GET request (no mutating flags)"))   │
                                                      │
  69: (rule (command "curl")                          │
        (effect                                       │ → :ask "Network operation requires approval"
         :ask "Network operation requires approval")) │

Result

  curl -d data https://example.com

  → :ask "Network operation requires approval"

  config: <config-path>
