---
source: tests/oracle_trace_v1.rs
expression: normalised
---

Trace

                                                                      command │ git checkout -- main.ts
  43: (rule (command "git")                                                   │
        (context (and (positional                                             │
                       "reset")                                               │ "checkout" = "reset" → no
                      …))                                                     │
        (effect                                                               │ → :ask "Dangerous git reset"
         :ask "Dangerous git reset"))                                         │
                                                                              │
  47: (rule (command "git")                                                   │
        (context (or (positional                                              │
                      "remote")                                               │ "checkout" = "remote" → no
                     (positional                                              │
                      (or "clean" "gc"                                        │ "checkout" = "clean" → no
                          "push"))))                                          │ "checkout" = "push" → no
        (effect                                                               │ → :ask "Dangerous git operation"
         :ask "Dangerous git operation"))                                     │
                                                                              │
  52: (rule (command "git")                                                   │
        (args                                                                 │
         (and                                                                 │
          (or (positional (or "switch"                                        │ "checkout" = "switch" → no
                              "restore"                                       │ "checkout" = "restore" → no
                              …                                               │
                              "clone"))                                       │ "checkout" = "clone" → no
              (positional "checkout"                                          │ "checkout" = "checkout" → yes
                          "--")                                               │ "checkout" = "--" → no
              …)                                                              │
          (when (or                                                           │
                 (has                                                         │ no
                  [:claude-code/permission-mode                               │
                   "plan"])                                                   │
                 (has [:opencode/agent                                        │ no
                       "plan"]))                                              │
            (effect                                                           │ → :ask "git mutation requires approval in non-writing agents"
             :ask "git mutation requires approval in non-writing agents"))))) │
                                                                              │
  60: (rule (command "git")                                                   │
        (effect :allow))                                                      │ → :allow

Result

  git checkout -- main.ts

  → :allow

  config: <config-path>
