---
source: tests/oracle_trace_v1.rs
expression: normalised
---

Trace

  convention: :gnu │

                                  command │ cargo run -- test
  95: (rule (command "cargo")             │
        (args (if (exact)                 │
                  …                       │
                (positional               │
                 (? "affected")           │
                 (?                       │
                  (or "watch" "run" "r")) │
                 (? "--")                 │
                 (cond                    │
                   ((or "install"         │
                        "uninstall")      │
                    (effect :deny))       │
                   ((or "build"           │
                        "b"               │
                        …                 │
                        "clippy")         │
                    (effect :allow)))     │ → :allow
                 (effect :allow)))))      │

Result

  cargo run -- test

  → :allow

  config: <config-path>
