---
source: tests/oracle_trace_v1.rs
expression: normalised
---

[1mTrace[0m

                                [2mcommand[0m [2m│[0m [1mgit reset --hard[0m
  [2m43: [0m[2m([0m[34mrule[0m [2m([0m[34mcommand[0m [32m"git"[0m[2m)[0m             [2m│[0m
        [2m([0mcontext [2m([0mand                   [2m│[0m
                  [2m([0m[34mpositional[0m [32m"reset"[0m[2m)[0m  [2m│[0m [2m"reset" = "reset" [0m[2m→[0m [1;32myes[0m
                  [2m([0m[34manywhere[0m [32m"--hard"[0m[2m)[0m[2m)[0m[2m)[0m [2m│[0m
        [2m([0m[34meffect[0m                         [2m│[0m [2m[0m[2m→[0m [1;33m:ask[0m [32m"Dangerous git reset"[0m
         [38;2;120;120;255m:ask[0m [32m"Dangerous git reset"[0m[2m)[0m[2m)[0m   [2m│[0m

[1mResult[0m

  [4;33mgit reset --hard[0m

  [2m→[0m [1;33m:ask[0m [32m"Dangerous git reset"[0m

  config: <config-path>
