---
source: tests/oracle_trace_v1.rs
expression: normalised
---

Trace

  parser: gnu tail (after :flags) │

                                 command │ timeout 30 echo hello
  110: (rule (command "timeout")         │
         (args (and (positional          │
                     (regex "^[0-9]+$")) │
                    …)))                 │
                        No matching rule │ → :ask (default)

Result

  timeout 30 echo hello

  → :ask "Rules for `timeout` exist but context or arguments did not match any patterns"

  config: <config-path>
