---
source: tests/oracle_trace_v1.rs
expression: normalised
---

Trace

  convention: :gnu │

                               command │ mv a b
  83: (rule (command "mv")             │
        (args (if (anywhere "-f"       │
                            "--force") │
                  …                    │
                (effect :allow))))     │ → :allow

Result

  mv a b

  → :allow

  config: <config-path>
