---
source: tests/oracle_trace_v1.rs
assertion_line: 108
expression: normalised
---

Trace

                                              command │ curl -d data https://example.com
  65: (rule (command "curl")                          │
        (context                                      │
         (not (anywhere "-d" "--data" …               │
                        "--request")))                │
        (effect                                       │ → :allow "GET request (no mutating flags)"
         :allow "GET request (no mutating flags)"))   │
                                                      │
  69: (rule (command "curl")                          │
        (effect                                       │ → :ask "Network operation requires approval"
         :ask "Network operation requires approval")) │

Result

  curl -d data https://example.com

  → :ask "Network operation requires approval"

  config: <config-path>
