---
source: tests/oracle_trace_v1.rs
expression: normalised
---

Trace

  convention: :gnu │

                                                           command │ rm -r /other/path
                                                             facts │ :opencode/agent "build"
  24: (rule (command "rm")                                         │
        (context (and (or (flag "r")                               │
                          …)                                       │
                      (anywhere "/")))                             │
        (effect                                                    │ → :deny "Recursive deletion from root"
         :deny "Recursive deletion from root"))                    │
                                                                   │
  29: (rule (command "rm")                                         │
        (args                                                      │
         (when (and                                                │
                (build-mode                                        │ build-mode → yes
                 (or                                               │
                  (has                                             │ no
                   [:claude-code/permission-mode                   │
                    "acceptEdits"])                                │
                  (has [:opencode/agent                            │ "build" → yes
                        "build"])))                                │
                (or (flag "r")                                     │
                    …))                                            │
           (if (anywhere (regex                                    │
                          "^/tmp/.*"))                             │
               …                                                   │
             (effect                                               │ → :ask "Recursive deletion requires confirmation"
              :ask "Recursive deletion requires confirmation"))))) │

Result

  rm -r /other/path

  → :ask "Recursive deletion requires confirmation"

  config: <config-path>
