---
source: tests/pretty_print_snapshots.rs
expression: out
---
── input (width 80) ──
(check (with-facts [[:client/opencode] [:via/ssh]]
  (allow "git push")
  (deny "rm /etc/passwd")))
── output ──
(check (with-facts [[:client/opencode] [:via/ssh]]
         (allow "git push")
         (deny "rm /etc/passwd")))
