---
source: tests/pretty_print_snapshots.rs
expression: out
---
── input (width 80) ──
(define-arg-style gnu
  (long-prefix "--")
  (short-prefix "-")
  (separators " " "=")
  (combined-shorts t)
  (pun :allow))
── output ──
(define-arg-style gnu
                  (long-prefix "--")
                  (short-prefix "-")
                  (separators " " "=")
                  (combined-shorts t)
                  (pun :allow))
