---
source: tests/wrapper_snapshots.rs
assertion_line: 42
expression: "parse_wrappers(r#\"(wrapper \"x\" :command)\"#)"
---
[
    Wrapper {
        command: "x",
        steps: [
            Positional {
                patterns: [],
                capture: true,
            },
        ],
    },
]
