---
source: tests/wrapper_snapshots.rs
expression: "parse_wrappers(r#\"(wrapper \"nohup\" (positional :command+args))\"#)"
---
[
    Wrapper {
        command: "nohup",
        steps: [
            Positional {
                patterns: [],
                capture: Some(
                    CommandArgs,
                ),
            },
        ],
    },
]
