---
source: tests/wrapper_snapshots.rs
assertion_line: 116
expression: "parse_wrappers(r#\"(wrapper \"nix\" (positional (or \"shell\" \"develop\")) (flag \"--command\" :command+args))\"#)"
---
[
    Wrapper {
        command: "nix",
        steps: [
            Positional {
                patterns: [
                    Or(
                        [
                            Literal(
                                "shell",
                            ),
                            Literal(
                                "develop",
                            ),
                        ],
                    ),
                ],
                capture: false,
            },
            Flag {
                name: "--command",
            },
        ],
    },
]
