---
source: tests/wrapper_snapshots.rs
assertion_line: 108
expression: "parse_wrappers(r#\"(wrapper \"mise\" (positional \"exec\") (flag \"--\" :command+args))\"#)"
---
[
    Wrapper {
        command: "mise",
        steps: [
            Positional {
                patterns: [
                    Literal(
                        "exec",
                    ),
                ],
                capture: false,
            },
            Flag {
                name: "--",
            },
        ],
    },
]
