---
source: tests/wrapper_snapshots.rs
assertion_line: 77
expression: "parse_wrappers(r#\"(wrapper \"x\" (positional \"a\" \"b\" :command+args))\"#)"
---
[
    Wrapper {
        command: "x",
        steps: [
            Positional {
                patterns: [
                    Literal(
                        "a",
                    ),
                    Literal(
                        "b",
                    ),
                ],
                capture: true,
            },
        ],
    },
]
