---
source: tests/wrapper_snapshots.rs
expression: "parse_wrappers(r#\"(wrapper \"ssh\" (positional * :command+args))\"#)"
---
[
    Wrapper {
        command: "ssh",
        steps: [
            Positional {
                patterns: [
                    WrapperPattern {
                        expr: Wildcard,
                        bind_fact: None,
                    },
                ],
                capture: true,
            },
        ],
    },
]
