---
source: tests/wrapper_snapshots.rs
assertion_line: 84
expression: "parse_wrappers(r#\"(wrapper \"x\" (positional (or \"foo\" \"bar\") :command+args))\"#)"
---
[
    Wrapper {
        command: "x",
        steps: [
            Positional {
                patterns: [
                    Or(
                        [
                            Literal(
                                "foo",
                            ),
                            Literal(
                                "bar",
                            ),
                        ],
                    ),
                ],
                capture: true,
            },
        ],
    },
]
