---
source: tests/wrapper_snapshots.rs
assertion_line: 69
expression: "parse_wrappers(r#\"(wrapper \"docker\" (positional \"exec\" :command+args))\"#)"
---
[
    Wrapper {
        command: "docker",
        steps: [
            Positional {
                patterns: [
                    Literal(
                        "exec",
                    ),
                ],
                capture: true,
            },
        ],
    },
]
